// Jest Snapshot v1, https://goo.gl/fbAQLP

exports[`AuthService  register User  failed, user already exists 1`] = `"Such email is busy"`;

exports[`AuthService  register User  successfully 1`] = `
Object {
  "additional": Object {},
  "email": "zin@fa.am",
  "firstName": "Seth Tran",
  "id": 1,
  "imageUrl": "",
  "password": "kodtacwuwb",
}
`;
